------------------------------------------------------------
TimeQuest Timing Analyzer Summary
------------------------------------------------------------

Type  : Slow 1100mV 85C Model Setup 'system_clock'
Slack : -6.430
TNS   : -445.404

Type  : Slow 1100mV 85C Model Hold 'system_clock'
Slack : 0.465
TNS   : 0.000

Type  : Slow 1100mV 85C Model Minimum Pulse Width 'system_clock'
Slack : -0.625
TNS   : -76.779

Type  : Slow 1100mV 0C Model Setup 'system_clock'
Slack : -6.391
TNS   : -440.540

Type  : Slow 1100mV 0C Model Hold 'system_clock'
Slack : 0.491
TNS   : 0.000

Type  : Slow 1100mV 0C Model Minimum Pulse Width 'system_clock'
Slack : -0.651
TNS   : -80.416

Type  : Fast 1100mV 85C Model Setup 'system_clock'
Slack : -3.266
TNS   : -223.983

Type  : Fast 1100mV 85C Model Hold 'system_clock'
Slack : 0.225
TNS   : 0.000

Type  : Fast 1100mV 85C Model Minimum Pulse Width 'system_clock'
Slack : -0.635
TNS   : -63.927

Type  : Fast 1100mV 0C Model Setup 'system_clock'
Slack : -2.955
TNS   : -200.764

Type  : Fast 1100mV 0C Model Hold 'system_clock'
Slack : 0.216
TNS   : 0.000

Type  : Fast 1100mV 0C Model Minimum Pulse Width 'system_clock'
Slack : -0.619
TNS   : -65.059

------------------------------------------------------------
