------------------------------------------------------------
TimeQuest Timing Analyzer Summary
------------------------------------------------------------

Type  : Slow 1100mV 85C Model Setup 'system_clock'
Slack : -6.573
TNS   : -447.430

Type  : Slow 1100mV 85C Model Hold 'system_clock'
Slack : 0.521
TNS   : 0.000

Type  : Slow 1100mV 85C Model Minimum Pulse Width 'system_clock'
Slack : -0.833
TNS   : -84.186

Type  : Slow 1100mV 0C Model Setup 'system_clock'
Slack : -6.534
TNS   : -442.679

Type  : Slow 1100mV 0C Model Hold 'system_clock'
Slack : 0.506
TNS   : 0.000

Type  : Slow 1100mV 0C Model Minimum Pulse Width 'system_clock'
Slack : -0.866
TNS   : -88.465

Type  : Fast 1100mV 85C Model Setup 'system_clock'
Slack : -3.394
TNS   : -219.575

Type  : Fast 1100mV 85C Model Hold 'system_clock'
Slack : 0.227
TNS   : 0.000

Type  : Fast 1100mV 85C Model Minimum Pulse Width 'system_clock'
Slack : -0.791
TNS   : -70.344

Type  : Fast 1100mV 0C Model Setup 'system_clock'
Slack : -3.054
TNS   : -196.807

Type  : Fast 1100mV 0C Model Hold 'system_clock'
Slack : 0.204
TNS   : 0.000

Type  : Fast 1100mV 0C Model Minimum Pulse Width 'system_clock'
Slack : -0.743
TNS   : -70.027

------------------------------------------------------------
