Partition Merge report for ReconfigRev
Thu Jun 11 15:49:51 2015
Quartus II 64-Bit Version 15.0.0 Build 145 04/22/2015 SJ Full Version


---------------------
; Table of Contents ;
---------------------
  1. Legal Notice
  2. Partition Merge Summary
  3. Partition Merge Netlist Types Used
  4. Partition Merge Partition Statistics
  5. Partition Merge Partition Pin Processing
  6. Partition Merge Resource Usage Summary
  7. Partition Merge Messages



----------------
; Legal Notice ;
----------------
Copyright (C) 1991-2015 Altera Corporation. All rights reserved.
Your use of Altera Corporation's design tools, logic functions 
and other software and tools, and its AMPP partner logic 
functions, and any output files from any of the foregoing 
(including device programming or simulation files), and any 
associated documentation or information are expressly subject 
to the terms and conditions of the Altera Program License 
Subscription Agreement, the Altera Quartus II License Agreement,
the Altera MegaCore Function License Agreement, or other 
applicable license agreement, including, without limitation, 
that your use is for the sole purpose of programming logic 
devices manufactured by Altera and sold by Altera or its 
authorized distributors.  Please refer to the applicable 
agreement for further details.



+-------------------------------------------------------------------------------+
; Partition Merge Summary                                                       ;
+---------------------------------+---------------------------------------------+
; Partition Merge Status          ; Successful - Thu Jun 11 15:49:51 2015       ;
; Quartus II 64-Bit Version       ; 15.0.0 Build 145 04/22/2015 SJ Full Version ;
; Revision Name                   ; ReconfigRev                                 ;
; Top-level Entity Name           ; PR_test_top                                 ;
; Family                          ; Cyclone V                                   ;
; Logic utilization (in ALMs)     ; 160 / 32,070 ( < 1 % )                      ;
; Total registers                 ; 84                                          ;
; Total pins                      ; 57 / 457 ( 12 % )                           ;
; Total virtual pins              ; 0                                           ;
; Total block memory bits         ; 0 / 4,065,280 ( 0 % )                       ;
; Total DSP Blocks                ; 0 / 87 ( 0 % )                              ;
; Total HSSI RX PCSs              ; 0                                           ;
; Total HSSI PMA RX Deserializers ; 0                                           ;
; Total HSSI TX PCSs              ; 0                                           ;
; Total HSSI PMA TX Serializers   ; 0                                           ;
; Total PLLs                      ; 0 / 6 ( 0 % )                               ;
; Total DLLs                      ; 0 / 4 ( 0 % )                               ;
+---------------------------------+---------------------------------------------+


+--------------------------------------------------------------------------------------------------------------------------------------------------------------+
; Partition Merge Netlist Types Used                                                                                                                           ;
+--------------------------------+----------------+-------------------+------------------------+---------------------------------------------------------------+
; Partition Name                 ; Partition Type ; Netlist Type Used ; Netlist Type Requested ; Partition Contents                                            ;
+--------------------------------+----------------+-------------------+------------------------+---------------------------------------------------------------+
; Top                            ; User-created   ; Post-Fit          ; Post-Fit               ;                                                               ;
; led_wrapper:led_wrapper_inst   ; User-created   ; Source File       ; Source File            ; freeze_region:freeze_region_inst|led_wrapper:led_wrapper_inst ;
; hard_block:auto_generated_inst ; Auto-generated ; Post-Fit          ; Source File            ; hard_block:auto_generated_inst                                ;
+--------------------------------+----------------+-------------------+------------------------+---------------------------------------------------------------+


+-------------------------------------------------------------------------------------------------------------------------------------+
; Partition Merge Partition Statistics                                                                                                ;
+---------------------------------------------+-----------------------+------------------------------+--------------------------------+
; Statistic                                   ; Top                   ; led_wrapper:led_wrapper_inst ; hard_block:auto_generated_inst ;
+---------------------------------------------+-----------------------+------------------------------+--------------------------------+
; Estimate of Logic utilization (ALMs needed) ; 116 / 32070 ( < 1 % ) ; 44 / 32070 ( < 1 % )         ; 0 / 32070 ( 0 % )              ;
;                                             ;                       ;                              ;                                ;
; Combinational ALUT usage for logic          ; 198                   ; 88                           ; 0                              ;
;     -- 7 input functions                    ; 0                     ; 1                            ; 0                              ;
;     -- 6 input functions                    ; 86                    ; 29                           ; 0                              ;
;     -- 5 input functions                    ; 25                    ; 9                            ; 0                              ;
;     -- 4 input functions                    ; 20                    ; 8                            ; 0                              ;
;     -- <=3 input functions                  ; 67                    ; 41                           ; 0                              ;
; Memory ALUT usage                           ; 0                     ; 0                            ; 0                              ;
;     -- 64-address deep                      ; 0                     ; 0                            ; 0                              ;
;     -- 32-address deep                      ; 0                     ; 0                            ; 0                              ;
;                                             ;                       ;                              ;                                ;
; Dedicated logic registers                   ; 54 / 128280 ( < 1 % ) ; 30 / 128280 ( < 1 % )        ; 0 / 128280 ( 0 % )             ;
;                                             ;                       ;                              ;                                ;
;                                             ;                       ;                              ;                                ;
; I/O pins                                    ; 57                    ; 0                            ; 0                              ;
; I/O registers                               ; 0                     ; 0                            ; 0                              ;
; Total block memory bits                     ; 0                     ; 0                            ; 0                              ;
; Total block memory implementation bits      ; 0                     ; 0                            ; 0                              ;
;                                             ;                       ;                              ;                                ;
; Connections                                 ;                       ;                              ;                                ;
;     -- Input Connections                    ; 4                     ; 34                           ; 0                              ;
;     -- Registered Input Connections         ; 0                     ; 30                           ; 0                              ;
;     -- Output Connections                   ; 34                    ; 4                            ; 0                              ;
;     -- Registered Output Connections        ; 0                     ; 4                            ; 0                              ;
;                                             ;                       ;                              ;                                ;
; Internal Connections                        ;                       ;                              ;                                ;
;     -- Total Connections                    ; 1146                  ; 433                          ; 0                              ;
;     -- Registered Connections               ; 54                    ; 60                           ; 0                              ;
;                                             ;                       ;                              ;                                ;
; External Connections                        ;                       ;                              ;                                ;
;     -- Top                                  ; 0                     ; 38                           ; 0                              ;
;     -- led_wrapper:led_wrapper_inst         ; 38                    ; 0                            ; 0                              ;
;     -- hard_block:auto_generated_inst       ; 0                     ; 0                            ; 0                              ;
;                                             ;                       ;                              ;                                ;
; Partition Interface                         ;                       ;                              ;                                ;
;     -- Input Ports                          ; 5                     ; 2                            ; 0                              ;
;     -- Output Ports                         ; 52                    ; 4                            ; 0                              ;
;     -- Bidir Ports                          ; 0                     ; 0                            ; 0                              ;
;                                             ;                       ;                              ;                                ;
; Registered Ports                            ;                       ;                              ;                                ;
;     -- Registered Input Ports               ; 0                     ; 1                            ; 0                              ;
;     -- Registered Output Ports              ; 0                     ; 4                            ; 0                              ;
;                                             ;                       ;                              ;                                ;
; Port Connectivity                           ;                       ;                              ;                                ;
;     -- Input Ports driven by GND            ; 0                     ; 0                            ; 0                              ;
;     -- Output Ports driven by GND           ; 0                     ; 0                            ; 0                              ;
;     -- Input Ports driven by VCC            ; 0                     ; 0                            ; 0                              ;
;     -- Output Ports driven by VCC           ; 0                     ; 0                            ; 0                              ;
;     -- Input Ports with no Source           ; 0                     ; 0                            ; 0                              ;
;     -- Output Ports with no Source          ; 0                     ; 0                            ; 0                              ;
;     -- Input Ports with no Fanout           ; 0                     ; 0                            ; 0                              ;
;     -- Output Ports with no Fanout          ; 0                     ; 0                            ; 0                              ;
+---------------------------------------------+-----------------------+------------------------------+--------------------------------+
Note: Resource usage numbers presented for Partitions containing post-synthesis logic are estimates.  For Partitions containing post-fit logic, resource usage numbers are accurate based on previous placement information.  Actual Fitter results may vary depending on current Fitter Preservation Level assignments.


+-----------------------------------------------------------------------------------------------------------------------------+
; Partition Merge Partition Pin Processing                                                                                    ;
+------------------------------+-----------+---------------+--------------------+---------------------------------------------+
; Name                         ; Partition ; Type          ; Location           ; Status                                      ;
+------------------------------+-----------+---------------+--------------------+---------------------------------------------+
; LED[0]                       ; Top       ; Output Port   ; n/a                ;                                             ;
;     -- LED[0]                ; Top       ; Output Pad    ; IOPAD_X89_Y6_N3    ; Preserved from Post-Fit or Imported Netlist ;
;     -- LED[0]~output         ; Top       ; Output Buffer ; IOOBUF_X89_Y6_N5   ; Preserved from Post-Fit or Imported Netlist ;
;                              ;           ;               ;                    ;                                             ;
; LED[1]                       ; Top       ; Output Port   ; n/a                ;                                             ;
;     -- LED[1]                ; Top       ; Output Pad    ; IOPAD_X84_Y0_N0    ; Preserved from Post-Fit or Imported Netlist ;
;     -- LED[1]~output         ; Top       ; Output Buffer ; IOOBUF_X84_Y0_N2   ; Preserved from Post-Fit or Imported Netlist ;
;                              ;           ;               ;                    ;                                             ;
; LED[2]                       ; Top       ; Output Port   ; n/a                ;                                             ;
;     -- LED[2]                ; Top       ; Output Pad    ; IOPAD_X80_Y0_N17   ; Preserved from Post-Fit or Imported Netlist ;
;     -- LED[2]~output         ; Top       ; Output Buffer ; IOOBUF_X80_Y0_N19  ; Preserved from Post-Fit or Imported Netlist ;
;                              ;           ;               ;                    ;                                             ;
; LED[3]                       ; Top       ; Output Port   ; n/a                ;                                             ;
;     -- LED[3]                ; Top       ; Output Pad    ; IOPAD_X60_Y0_N17   ; Preserved from Post-Fit or Imported Netlist ;
;     -- LED[3]~output         ; Top       ; Output Buffer ; IOOBUF_X60_Y0_N19  ; Preserved from Post-Fit or Imported Netlist ;
;                              ;           ;               ;                    ;                                             ;
; LED[4]                       ; Top       ; Output Port   ; n/a                ;                                             ;
;     -- LED[4]                ; Top       ; Output Pad    ; IOPAD_X80_Y0_N0    ; Preserved from Post-Fit or Imported Netlist ;
;     -- LED[4]~output         ; Top       ; Output Buffer ; IOOBUF_X80_Y0_N2   ; Preserved from Post-Fit or Imported Netlist ;
;                              ;           ;               ;                    ;                                             ;
; LED[5]                       ; Top       ; Output Port   ; n/a                ;                                             ;
;     -- LED[5]                ; Top       ; Output Pad    ; IOPAD_X60_Y0_N0    ; Preserved from Post-Fit or Imported Netlist ;
;     -- LED[5]~output         ; Top       ; Output Buffer ; IOOBUF_X60_Y0_N2   ; Preserved from Post-Fit or Imported Netlist ;
;                              ;           ;               ;                    ;                                             ;
; LED[6]                       ; Top       ; Output Port   ; n/a                ;                                             ;
;     -- LED[6]                ; Top       ; Output Pad    ; IOPAD_X52_Y0_N17   ; Preserved from Post-Fit or Imported Netlist ;
;     -- LED[6]~output         ; Top       ; Output Buffer ; IOOBUF_X52_Y0_N19  ; Preserved from Post-Fit or Imported Netlist ;
;                              ;           ;               ;                    ;                                             ;
; LED[7]                       ; Top       ; Output Port   ; n/a                ;                                             ;
;     -- LED[7]                ; Top       ; Output Pad    ; IOPAD_X52_Y0_N0    ; Preserved from Post-Fit or Imported Netlist ;
;     -- LED[7]~output         ; Top       ; Output Buffer ; IOOBUF_X52_Y0_N2   ; Preserved from Post-Fit or Imported Netlist ;
;                              ;           ;               ;                    ;                                             ;
; PR1_button                   ; Top       ; Input Port    ; n/a                ;                                             ;
;     -- PR1_button            ; Top       ; Input Pad     ; IOPAD_X40_Y0_N17   ; Preserved from Post-Fit or Imported Netlist ;
;     -- PR1_button~input      ; Top       ; Input Buffer  ; IOIBUF_X40_Y0_N18  ; Preserved from Post-Fit or Imported Netlist ;
;                              ;           ;               ;                    ;                                             ;
; PR_done_led                  ; Top       ; Output Port   ; n/a                ;                                             ;
;     -- PR_done_led           ; Top       ; Output Pad    ; IOPAD_X89_Y8_N3    ; Preserved from Post-Fit or Imported Netlist ;
;     -- PR_done_led~output    ; Top       ; Output Buffer ; IOOBUF_X89_Y8_N5   ; Preserved from Post-Fit or Imported Netlist ;
;                              ;           ;               ;                    ;                                             ;
; PR_error_led                 ; Top       ; Output Port   ; n/a                ;                                             ;
;     -- PR_error_led          ; Top       ; Output Pad    ; IOPAD_X89_Y6_N20   ; Preserved from Post-Fit or Imported Netlist ;
;     -- PR_error_led~output   ; Top       ; Output Buffer ; IOOBUF_X89_Y6_N22  ; Preserved from Post-Fit or Imported Netlist ;
;                              ;           ;               ;                    ;                                             ;
; PR_reset_button              ; Top       ; Input Port    ; n/a                ;                                             ;
;     -- PR_reset_button       ; Top       ; Input Pad     ; IOPAD_X36_Y0_N0    ; Preserved from Post-Fit or Imported Netlist ;
;     -- PR_reset_button~input ; Top       ; Input Buffer  ; IOIBUF_X36_Y0_N1   ; Preserved from Post-Fit or Imported Netlist ;
;                              ;           ;               ;                    ;                                             ;
; dir_switch_1                 ; Top       ; Input Port    ; n/a                ;                                             ;
;     -- dir_switch_1          ; Top       ; Input Pad     ; IOPAD_X12_Y0_N17   ; Preserved from Post-Fit or Imported Netlist ;
;     -- dir_switch_1~input    ; Top       ; Input Buffer  ; IOIBUF_X12_Y0_N18  ; Preserved from Post-Fit or Imported Netlist ;
;                              ;           ;               ;                    ;                                             ;
; dir_switch_2                 ; Top       ; Input Port    ; n/a                ;                                             ;
;     -- dir_switch_2          ; Top       ; Input Pad     ; IOPAD_X16_Y0_N0    ; Preserved from Post-Fit or Imported Netlist ;
;     -- dir_switch_2~input    ; Top       ; Input Buffer  ; IOIBUF_X16_Y0_N1   ; Preserved from Post-Fit or Imported Netlist ;
;                              ;           ;               ;                    ;                                             ;
; disp_hex0[0]                 ; Top       ; Output Port   ; n/a                ;                                             ;
;     -- disp_hex0[0]          ; Top       ; Output Pad    ; IOPAD_X89_Y8_N37   ; Preserved from Post-Fit or Imported Netlist ;
;     -- disp_hex0[0]~output   ; Top       ; Output Buffer ; IOOBUF_X89_Y8_N39  ; Preserved from Post-Fit or Imported Netlist ;
;                              ;           ;               ;                    ;                                             ;
; disp_hex0[1]                 ; Top       ; Output Port   ; n/a                ;                                             ;
;     -- disp_hex0[1]          ; Top       ; Output Pad    ; IOPAD_X89_Y11_N77  ; Preserved from Post-Fit or Imported Netlist ;
;     -- disp_hex0[1]~output   ; Top       ; Output Buffer ; IOOBUF_X89_Y11_N79 ; Preserved from Post-Fit or Imported Netlist ;
;                              ;           ;               ;                    ;                                             ;
; disp_hex0[2]                 ; Top       ; Output Port   ; n/a                ;                                             ;
;     -- disp_hex0[2]          ; Top       ; Output Pad    ; IOPAD_X89_Y11_N94  ; Preserved from Post-Fit or Imported Netlist ;
;     -- disp_hex0[2]~output   ; Top       ; Output Buffer ; IOOBUF_X89_Y11_N96 ; Preserved from Post-Fit or Imported Netlist ;
;                              ;           ;               ;                    ;                                             ;
; disp_hex0[3]                 ; Top       ; Output Port   ; n/a                ;                                             ;
;     -- disp_hex0[3]          ; Top       ; Output Pad    ; IOPAD_X89_Y4_N77   ; Preserved from Post-Fit or Imported Netlist ;
;     -- disp_hex0[3]~output   ; Top       ; Output Buffer ; IOOBUF_X89_Y4_N79  ; Preserved from Post-Fit or Imported Netlist ;
;                              ;           ;               ;                    ;                                             ;
; disp_hex0[4]                 ; Top       ; Output Port   ; n/a                ;                                             ;
;     -- disp_hex0[4]          ; Top       ; Output Pad    ; IOPAD_X89_Y13_N54  ; Preserved from Post-Fit or Imported Netlist ;
;     -- disp_hex0[4]~output   ; Top       ; Output Buffer ; IOOBUF_X89_Y13_N56 ; Preserved from Post-Fit or Imported Netlist ;
;                              ;           ;               ;                    ;                                             ;
; disp_hex0[5]                 ; Top       ; Output Port   ; n/a                ;                                             ;
;     -- disp_hex0[5]          ; Top       ; Output Pad    ; IOPAD_X89_Y13_N37  ; Preserved from Post-Fit or Imported Netlist ;
;     -- disp_hex0[5]~output   ; Top       ; Output Buffer ; IOOBUF_X89_Y13_N39 ; Preserved from Post-Fit or Imported Netlist ;
;                              ;           ;               ;                    ;                                             ;
; disp_hex0[6]                 ; Top       ; Output Port   ; n/a                ;                                             ;
;     -- disp_hex0[6]          ; Top       ; Output Pad    ; IOPAD_X89_Y4_N94   ; Preserved from Post-Fit or Imported Netlist ;
;     -- disp_hex0[6]~output   ; Top       ; Output Buffer ; IOOBUF_X89_Y4_N96  ; Preserved from Post-Fit or Imported Netlist ;
;                              ;           ;               ;                    ;                                             ;
; disp_hex1[0]                 ; Top       ; Output Port   ; n/a                ;                                             ;
;     -- disp_hex1[0]          ; Top       ; Output Pad    ; IOPAD_X89_Y6_N37   ; Preserved from Post-Fit or Imported Netlist ;
;     -- disp_hex1[0]~output   ; Top       ; Output Buffer ; IOOBUF_X89_Y6_N39  ; Preserved from Post-Fit or Imported Netlist ;
;                              ;           ;               ;                    ;                                             ;
; disp_hex1[1]                 ; Top       ; Output Port   ; n/a                ;                                             ;
;     -- disp_hex1[1]          ; Top       ; Output Pad    ; IOPAD_X89_Y6_N54   ; Preserved from Post-Fit or Imported Netlist ;
;     -- disp_hex1[1]~output   ; Top       ; Output Buffer ; IOOBUF_X89_Y6_N56  ; Preserved from Post-Fit or Imported Netlist ;
;                              ;           ;               ;                    ;                                             ;
; disp_hex1[2]                 ; Top       ; Output Port   ; n/a                ;                                             ;
;     -- disp_hex1[2]          ; Top       ; Output Pad    ; IOPAD_X89_Y16_N37  ; Preserved from Post-Fit or Imported Netlist ;
;     -- disp_hex1[2]~output   ; Top       ; Output Buffer ; IOOBUF_X89_Y16_N39 ; Preserved from Post-Fit or Imported Netlist ;
;                              ;           ;               ;                    ;                                             ;
; disp_hex1[3]                 ; Top       ; Output Port   ; n/a                ;                                             ;
;     -- disp_hex1[3]          ; Top       ; Output Pad    ; IOPAD_X89_Y16_N54  ; Preserved from Post-Fit or Imported Netlist ;
;     -- disp_hex1[3]~output   ; Top       ; Output Buffer ; IOOBUF_X89_Y16_N56 ; Preserved from Post-Fit or Imported Netlist ;
;                              ;           ;               ;                    ;                                             ;
; disp_hex1[4]                 ; Top       ; Output Port   ; n/a                ;                                             ;
;     -- disp_hex1[4]          ; Top       ; Output Pad    ; IOPAD_X89_Y15_N37  ; Preserved from Post-Fit or Imported Netlist ;
;     -- disp_hex1[4]~output   ; Top       ; Output Buffer ; IOOBUF_X89_Y15_N39 ; Preserved from Post-Fit or Imported Netlist ;
;                              ;           ;               ;                    ;                                             ;
; disp_hex1[5]                 ; Top       ; Output Port   ; n/a                ;                                             ;
;     -- disp_hex1[5]          ; Top       ; Output Pad    ; IOPAD_X89_Y15_N54  ; Preserved from Post-Fit or Imported Netlist ;
;     -- disp_hex1[5]~output   ; Top       ; Output Buffer ; IOOBUF_X89_Y15_N56 ; Preserved from Post-Fit or Imported Netlist ;
;                              ;           ;               ;                    ;                                             ;
; disp_hex1[6]                 ; Top       ; Output Port   ; n/a                ;                                             ;
;     -- disp_hex1[6]          ; Top       ; Output Pad    ; IOPAD_X89_Y8_N54   ; Preserved from Post-Fit or Imported Netlist ;
;     -- disp_hex1[6]~output   ; Top       ; Output Buffer ; IOOBUF_X89_Y8_N56  ; Preserved from Post-Fit or Imported Netlist ;
;                              ;           ;               ;                    ;                                             ;
; disp_hex2[0]                 ; Top       ; Output Port   ; n/a                ;                                             ;
;     -- disp_hex2[0]          ; Top       ; Output Pad    ; IOPAD_X89_Y9_N20   ; Preserved from Post-Fit or Imported Netlist ;
;     -- disp_hex2[0]~output   ; Top       ; Output Buffer ; IOOBUF_X89_Y9_N22  ; Preserved from Post-Fit or Imported Netlist ;
;                              ;           ;               ;                    ;                                             ;
; disp_hex2[1]                 ; Top       ; Output Port   ; n/a                ;                                             ;
;     -- disp_hex2[1]          ; Top       ; Output Pad    ; IOPAD_X89_Y23_N37  ; Preserved from Post-Fit or Imported Netlist ;
;     -- disp_hex2[1]~output   ; Top       ; Output Buffer ; IOOBUF_X89_Y23_N39 ; Preserved from Post-Fit or Imported Netlist ;
;                              ;           ;               ;                    ;                                             ;
; disp_hex2[2]                 ; Top       ; Output Port   ; n/a                ;                                             ;
;     -- disp_hex2[2]          ; Top       ; Output Pad    ; IOPAD_X89_Y23_N54  ; Preserved from Post-Fit or Imported Netlist ;
;     -- disp_hex2[2]~output   ; Top       ; Output Buffer ; IOOBUF_X89_Y23_N56 ; Preserved from Post-Fit or Imported Netlist ;
;                              ;           ;               ;                    ;                                             ;
; disp_hex2[3]                 ; Top       ; Output Port   ; n/a                ;                                             ;
;     -- disp_hex2[3]          ; Top       ; Output Pad    ; IOPAD_X89_Y20_N77  ; Preserved from Post-Fit or Imported Netlist ;
;     -- disp_hex2[3]~output   ; Top       ; Output Buffer ; IOOBUF_X89_Y20_N79 ; Preserved from Post-Fit or Imported Netlist ;
;                              ;           ;               ;                    ;                                             ;
; disp_hex2[4]                 ; Top       ; Output Port   ; n/a                ;                                             ;
;     -- disp_hex2[4]          ; Top       ; Output Pad    ; IOPAD_X89_Y25_N37  ; Preserved from Post-Fit or Imported Netlist ;
;     -- disp_hex2[4]~output   ; Top       ; Output Buffer ; IOOBUF_X89_Y25_N39 ; Preserved from Post-Fit or Imported Netlist ;
;                              ;           ;               ;                    ;                                             ;
; disp_hex2[5]                 ; Top       ; Output Port   ; n/a                ;                                             ;
;     -- disp_hex2[5]          ; Top       ; Output Pad    ; IOPAD_X89_Y20_N94  ; Preserved from Post-Fit or Imported Netlist ;
;     -- disp_hex2[5]~output   ; Top       ; Output Buffer ; IOOBUF_X89_Y20_N96 ; Preserved from Post-Fit or Imported Netlist ;
;                              ;           ;               ;                    ;                                             ;
; disp_hex2[6]                 ; Top       ; Output Port   ; n/a                ;                                             ;
;     -- disp_hex2[6]          ; Top       ; Output Pad    ; IOPAD_X89_Y25_N54  ; Preserved from Post-Fit or Imported Netlist ;
;     -- disp_hex2[6]~output   ; Top       ; Output Buffer ; IOOBUF_X89_Y25_N56 ; Preserved from Post-Fit or Imported Netlist ;
;                              ;           ;               ;                    ;                                             ;
; disp_hex3[0]                 ; Top       ; Output Port   ; n/a                ;                                             ;
;     -- disp_hex3[0]          ; Top       ; Output Pad    ; IOPAD_X89_Y16_N3   ; Preserved from Post-Fit or Imported Netlist ;
;     -- disp_hex3[0]~output   ; Top       ; Output Buffer ; IOOBUF_X89_Y16_N5  ; Preserved from Post-Fit or Imported Netlist ;
;                              ;           ;               ;                    ;                                             ;
; disp_hex3[1]                 ; Top       ; Output Port   ; n/a                ;                                             ;
;     -- disp_hex3[1]          ; Top       ; Output Pad    ; IOPAD_X89_Y16_N20  ; Preserved from Post-Fit or Imported Netlist ;
;     -- disp_hex3[1]~output   ; Top       ; Output Buffer ; IOOBUF_X89_Y16_N22 ; Preserved from Post-Fit or Imported Netlist ;
;                              ;           ;               ;                    ;                                             ;
; disp_hex3[2]                 ; Top       ; Output Port   ; n/a                ;                                             ;
;     -- disp_hex3[2]          ; Top       ; Output Pad    ; IOPAD_X89_Y4_N43   ; Preserved from Post-Fit or Imported Netlist ;
;     -- disp_hex3[2]~output   ; Top       ; Output Buffer ; IOOBUF_X89_Y4_N45  ; Preserved from Post-Fit or Imported Netlist ;
;                              ;           ;               ;                    ;                                             ;
; disp_hex3[3]                 ; Top       ; Output Port   ; n/a                ;                                             ;
;     -- disp_hex3[3]          ; Top       ; Output Pad    ; IOPAD_X89_Y4_N60   ; Preserved from Post-Fit or Imported Netlist ;
;     -- disp_hex3[3]~output   ; Top       ; Output Buffer ; IOOBUF_X89_Y4_N62  ; Preserved from Post-Fit or Imported Netlist ;
;                              ;           ;               ;                    ;                                             ;
; disp_hex3[4]                 ; Top       ; Output Port   ; n/a                ;                                             ;
;     -- disp_hex3[4]          ; Top       ; Output Pad    ; IOPAD_X89_Y21_N37  ; Preserved from Post-Fit or Imported Netlist ;
;     -- disp_hex3[4]~output   ; Top       ; Output Buffer ; IOOBUF_X89_Y21_N39 ; Preserved from Post-Fit or Imported Netlist ;
;                              ;           ;               ;                    ;                                             ;
; disp_hex3[5]                 ; Top       ; Output Port   ; n/a                ;                                             ;
;     -- disp_hex3[5]          ; Top       ; Output Pad    ; IOPAD_X89_Y11_N60  ; Preserved from Post-Fit or Imported Netlist ;
;     -- disp_hex3[5]~output   ; Top       ; Output Buffer ; IOOBUF_X89_Y11_N62 ; Preserved from Post-Fit or Imported Netlist ;
;                              ;           ;               ;                    ;                                             ;
; disp_hex3[6]                 ; Top       ; Output Port   ; n/a                ;                                             ;
;     -- disp_hex3[6]          ; Top       ; Output Pad    ; IOPAD_X89_Y9_N3    ; Preserved from Post-Fit or Imported Netlist ;
;     -- disp_hex3[6]~output   ; Top       ; Output Buffer ; IOOBUF_X89_Y9_N5   ; Preserved from Post-Fit or Imported Netlist ;
;                              ;           ;               ;                    ;                                             ;
; disp_hex4[0]                 ; Top       ; Output Port   ; n/a                ;                                             ;
;     -- disp_hex4[0]          ; Top       ; Output Pad    ; IOPAD_X89_Y11_N43  ; Preserved from Post-Fit or Imported Netlist ;
;     -- disp_hex4[0]~output   ; Top       ; Output Buffer ; IOOBUF_X89_Y11_N45 ; Preserved from Post-Fit or Imported Netlist ;
;                              ;           ;               ;                    ;                                             ;
; disp_hex4[1]                 ; Top       ; Output Port   ; n/a                ;                                             ;
;     -- disp_hex4[1]          ; Top       ; Output Pad    ; IOPAD_X89_Y13_N3   ; Preserved from Post-Fit or Imported Netlist ;
;     -- disp_hex4[1]~output   ; Top       ; Output Buffer ; IOOBUF_X89_Y13_N5  ; Preserved from Post-Fit or Imported Netlist ;
;                              ;           ;               ;                    ;                                             ;
; disp_hex4[2]                 ; Top       ; Output Port   ; n/a                ;                                             ;
;     -- disp_hex4[2]          ; Top       ; Output Pad    ; IOPAD_X89_Y13_N20  ; Preserved from Post-Fit or Imported Netlist ;
;     -- disp_hex4[2]~output   ; Top       ; Output Buffer ; IOOBUF_X89_Y13_N22 ; Preserved from Post-Fit or Imported Netlist ;
;                              ;           ;               ;                    ;                                             ;
; disp_hex4[3]                 ; Top       ; Output Port   ; n/a                ;                                             ;
;     -- disp_hex4[3]          ; Top       ; Output Pad    ; IOPAD_X89_Y8_N20   ; Preserved from Post-Fit or Imported Netlist ;
;     -- disp_hex4[3]~output   ; Top       ; Output Buffer ; IOOBUF_X89_Y8_N22  ; Preserved from Post-Fit or Imported Netlist ;
;                              ;           ;               ;                    ;                                             ;
; disp_hex4[4]                 ; Top       ; Output Port   ; n/a                ;                                             ;
;     -- disp_hex4[4]          ; Top       ; Output Pad    ; IOPAD_X89_Y15_N20  ; Preserved from Post-Fit or Imported Netlist ;
;     -- disp_hex4[4]~output   ; Top       ; Output Buffer ; IOOBUF_X89_Y15_N22 ; Preserved from Post-Fit or Imported Netlist ;
;                              ;           ;               ;                    ;                                             ;
; disp_hex4[5]                 ; Top       ; Output Port   ; n/a                ;                                             ;
;     -- disp_hex4[5]          ; Top       ; Output Pad    ; IOPAD_X89_Y15_N3   ; Preserved from Post-Fit or Imported Netlist ;
;     -- disp_hex4[5]~output   ; Top       ; Output Buffer ; IOOBUF_X89_Y15_N5  ; Preserved from Post-Fit or Imported Netlist ;
;                              ;           ;               ;                    ;                                             ;
; disp_hex4[6]                 ; Top       ; Output Port   ; n/a                ;                                             ;
;     -- disp_hex4[6]          ; Top       ; Output Pad    ; IOPAD_X89_Y20_N43  ; Preserved from Post-Fit or Imported Netlist ;
;     -- disp_hex4[6]~output   ; Top       ; Output Buffer ; IOOBUF_X89_Y20_N45 ; Preserved from Post-Fit or Imported Netlist ;
;                              ;           ;               ;                    ;                                             ;
; disp_hex5[0]                 ; Top       ; Output Port   ; n/a                ;                                             ;
;     -- disp_hex5[0]          ; Top       ; Output Pad    ; IOPAD_X89_Y20_N60  ; Preserved from Post-Fit or Imported Netlist ;
;     -- disp_hex5[0]~output   ; Top       ; Output Buffer ; IOOBUF_X89_Y20_N62 ; Preserved from Post-Fit or Imported Netlist ;
;                              ;           ;               ;                    ;                                             ;
; disp_hex5[1]                 ; Top       ; Output Port   ; n/a                ;                                             ;
;     -- disp_hex5[1]          ; Top       ; Output Pad    ; IOPAD_X89_Y21_N54  ; Preserved from Post-Fit or Imported Netlist ;
;     -- disp_hex5[1]~output   ; Top       ; Output Buffer ; IOOBUF_X89_Y21_N56 ; Preserved from Post-Fit or Imported Netlist ;
;                              ;           ;               ;                    ;                                             ;
; disp_hex5[2]                 ; Top       ; Output Port   ; n/a                ;                                             ;
;     -- disp_hex5[2]          ; Top       ; Output Pad    ; IOPAD_X89_Y25_N20  ; Preserved from Post-Fit or Imported Netlist ;
;     -- disp_hex5[2]~output   ; Top       ; Output Buffer ; IOOBUF_X89_Y25_N22 ; Preserved from Post-Fit or Imported Netlist ;
;                              ;           ;               ;                    ;                                             ;
; disp_hex5[3]                 ; Top       ; Output Port   ; n/a                ;                                             ;
;     -- disp_hex5[3]          ; Top       ; Output Pad    ; IOPAD_X89_Y23_N20  ; Preserved from Post-Fit or Imported Netlist ;
;     -- disp_hex5[3]~output   ; Top       ; Output Buffer ; IOOBUF_X89_Y23_N22 ; Preserved from Post-Fit or Imported Netlist ;
;                              ;           ;               ;                    ;                                             ;
; disp_hex5[4]                 ; Top       ; Output Port   ; n/a                ;                                             ;
;     -- disp_hex5[4]          ; Top       ; Output Pad    ; IOPAD_X89_Y9_N54   ; Preserved from Post-Fit or Imported Netlist ;
;     -- disp_hex5[4]~output   ; Top       ; Output Buffer ; IOOBUF_X89_Y9_N56  ; Preserved from Post-Fit or Imported Netlist ;
;                              ;           ;               ;                    ;                                             ;
; disp_hex5[5]                 ; Top       ; Output Port   ; n/a                ;                                             ;
;     -- disp_hex5[5]          ; Top       ; Output Pad    ; IOPAD_X89_Y23_N3   ; Preserved from Post-Fit or Imported Netlist ;
;     -- disp_hex5[5]~output   ; Top       ; Output Buffer ; IOOBUF_X89_Y23_N5  ; Preserved from Post-Fit or Imported Netlist ;
;                              ;           ;               ;                    ;                                             ;
; disp_hex5[6]                 ; Top       ; Output Port   ; n/a                ;                                             ;
;     -- disp_hex5[6]          ; Top       ; Output Pad    ; IOPAD_X89_Y9_N37   ; Preserved from Post-Fit or Imported Netlist ;
;     -- disp_hex5[6]~output   ; Top       ; Output Buffer ; IOOBUF_X89_Y9_N39  ; Preserved from Post-Fit or Imported Netlist ;
;                              ;           ;               ;                    ;                                             ;
; system_clock                 ; Top       ; Input Port    ; n/a                ;                                             ;
;     -- system_clock          ; Top       ; Input Pad     ; IOPAD_X32_Y0_N0    ; Preserved from Post-Fit or Imported Netlist ;
;     -- system_clock~input    ; Top       ; Input Buffer  ; IOIBUF_X32_Y0_N1   ; Preserved from Post-Fit or Imported Netlist ;
;                              ;           ;               ;                    ;                                             ;
; ~QUARTUS_CREATED_GND~0       ; Top       ; Output Port   ; n/a                ;                                             ;
;                              ;           ;               ;                    ;                                             ;
+------------------------------+-----------+---------------+--------------------+---------------------------------------------+


+------------------------------------------------------------------+
; Partition Merge Resource Usage Summary                           ;
+---------------------------------------------+--------------------+
; Resource                                    ; Usage              ;
+---------------------------------------------+--------------------+
; Estimate of Logic utilization (ALMs needed) ; 217                ;
;                                             ;                    ;
; Combinational ALUT usage for logic          ; 286                ;
;     -- 7 input functions                    ; 1                  ;
;     -- 6 input functions                    ; 115                ;
;     -- 5 input functions                    ; 34                 ;
;     -- 4 input functions                    ; 28                 ;
;     -- <=3 input functions                  ; 108                ;
;                                             ;                    ;
; Dedicated logic registers                   ; 84                 ;
;                                             ;                    ;
; I/O pins                                    ; 57                 ;
;                                             ;                    ;
; Total DSP Blocks                            ; 0                  ;
;                                             ;                    ;
; Maximum fan-out node                        ; system_clock~input ;
; Maximum fan-out                             ; 55                 ;
; Total fan-out                               ; 1541               ;
; Average fan-out                             ; 3.18               ;
+---------------------------------------------+--------------------+


+--------------------------+
; Partition Merge Messages ;
+--------------------------+
Info: *******************************************************************
Info: Running Quartus II 64-Bit Partition Merge
    Info: Version 15.0.0 Build 145 04/22/2015 SJ Full Version
    Info: Processing started: Thu Jun 11 15:49:49 2015
Info: Command: quartus_cdb --read_settings_files=off --write_settings_files=off PR_test -c ReconfigRev --merge=on
Info (35006): Using previously generated Fitter netlist for partition "Top"
Info (35007): Using synthesis netlist for partition "led_wrapper:led_wrapper_inst"
Info (35002): Resolved and merged 2 partition(s)
Info (16010): Generating hard_block partition "hard_block:auto_generated_inst"
    Info (16011): Adding 0 node(s), including 0 DDIO, 0 PLL, 0 transceiver and 0 LCELL
Warning (21074): Design contains 3 input pin(s) that do not drive logic
    Warning (15610): No output dependent on input pin "PR_reset_button"
    Warning (15610): No output dependent on input pin "PR1_button"
    Warning (15610): No output dependent on input pin "dir_switch_1"
Info (21057): Implemented 404 device resources after synthesis - the final resource count might be different
    Info (21058): Implemented 5 input pins
    Info (21059): Implemented 52 output pins
    Info (21061): Implemented 347 logic cells
Info: Quartus II 64-Bit Partition Merge was successful. 0 errors, 4 warnings
    Info: Peak virtual memory: 809 megabytes
    Info: Processing ended: Thu Jun 11 15:49:51 2015
    Info: Elapsed time: 00:00:02
    Info: Total CPU time (on all processors): 00:00:02


